// Jest Snapshot v1, https://goo.gl/fbAQLP

exports[`<ChartPresenter/> renders without crashing ChartPresenter 1`] = `
<div>
  <ChartHeader
    count={0}
    error_days={Array []}
  />
  <ChartTable
    data={Array []}
    error_days={Array []}
  />
  <Summary
    selected={Array []}
  />
  <SpotifySearch
    selected={Array []}
  />
</div>
`;
