// Jest Snapshot v1, https://goo.gl/fbAQLP

exports[`<Footer/> renders without crashing 1`] = `
<footer
  className="footer"
>
  <span>
    site created by 
    <a
      href="https://github.com/dracomithril"
    >
      dracomithril
    </a>
     vundefined © Copyright 2017
  </span>
  <br />
  <span>
    Any questions? 
    <a
      href="mailto:dracomithril@gmail.com?subject=[WCSChartAdmin]"
    >
      contact me
    </a>
  </span>
</footer>
`;
