// Jest Snapshot v1, https://goo.gl/fbAQLP

exports[`<LoginAlert/> renders without crashing ChartPresenter 1`] = `
<Jumbotron
  bsClass="login-info"
  componentClass="div"
>
  <h4>
    To start working witch us you need to login to facebook and spotify.
    <i
      className="fa fa-heart"
    />
  </h4>
  <p>
    Sorry you are not admin of this group.
  </p>
  <t
    appId="1173486879387948"
    autoLoad={true}
    callback={[Function]}
    cookie={false}
    cssClass="btn btn-social btn-facebook"
    disableMobileRedirect={false}
    fields="id,email,name,first_name,picture,groups{administrator}"
    icon="fa fa-facebook"
    isMobile={null}
    language="pl_PL"
    reAuthenticate={false}
    redirectUri="http://localhost/"
    scope="public_profile,email,user_managed_groups"
    size="metro"
    tag="button"
    textButton="Login with Facebook"
    typeButton="button"
    version="v2.8"
    xfbml={false}
  />
  <Button
    active={false}
    block={false}
    bsClass="btn"
    bsStyle="default"
    className="btn btn-social btn-spotify"
    disabled={false}
    onClick={[Function]}
  >
    <i
      className="fa fa-spotify"
    />
    Login to spotify
  </Button>
</Jumbotron>
`;
