// Jest Snapshot v1, https://goo.gl/fbAQLP

exports[`<RowSpotifySearch/> renders without crashing 1`] = `
<tr>
  <td>
    <div
      className="track_view error_bg"
    >
      <span />
      <br />
      <input
        id={0}
        onChange={[Function]}
        style={
          Object {
            "paddingRight": 5,
          }
        }
        type="text"
        value=""
      />
      <button
        onClick={[Function]}
      >
        <i
          aria-hidden="true"
          className="fa fa-refresh"
        />
      </button>
      <input
        id={0}
        onChange={[Function]}
        style={
          Object {
            "paddingRight": 5,
          }
        }
        type="text"
        value=""
      />
    </div>
  </td>
  <td>
    <div>
      <Button
        active={false}
        block={false}
        bsClass="btn"
        bsStyle="info"
        disabled={false}
        id="button-0"
        onClick={[Function]}
      >
        search
      </Button>
      <DropdownButton
        bsStyle="warning"
        disabled={true}
        id="dropdown-basic-0"
        title="select"
      />
    </div>
  </td>
  <td />
</tr>
`;
