// Jest Snapshot v1, https://goo.gl/fbAQLP

exports[`<Summary/> renders without crashing 1`] = `
<div
  className="summary"
>
  <h3
    id="summary"
  >
    Summary
  </h3>
  <h6
    id="list"
  >
    List by: 
    <select
      name="list_sort"
      onChange={[Function]}
      value="reaction"
    >
      <option
        value="reaction"
      >
        reaction
      </option>
      <option
        value="who"
      >
        who
      </option>
      <option
        value="when"
      >
        when
      </option>
      <option
        value="what"
      >
        what
      </option>
    </select>
  </h6>
  <div
    id="popover-contained"
    title="Print list"
  />
</div>
`;
